[r.mobirisesite.com/83911/assets/images/16f599e4-bf49-4049-b178-1689ea00c055-200x2002cd8.png]
[backblue.gif]
[fade.gif]
[index.html]
[r.mobirisesite.com/83911/assets/web/assets/mobirise-icons2/mobirise2.css]
[r.mobirisesite.com/83911/assets/tether/tether.min.css]
[r.mobirisesite.com/83911/assets/bootstrap/css/bootstrap.min.css]
[r.mobirisesite.com/83911/assets/bootstrap/css/bootstrap-grid.min.css]
[r.mobirisesite.com/83911/assets/bootstrap/css/bootstrap-reboot.min.css]
[r.mobirisesite.com/83911/assets/animatecss/animate.css]
[r.mobirisesite.com/83911/assets/dropdown/css/style.css]
[r.mobirisesite.com/83911/assets/as-pie-progress/css/progress.min.css]
[r.mobirisesite.com/83911/assets/socicon/css/styles.css]
[r.mobirisesite.com/83911/assets/theme/css/style.css]
[r.mobirisesite.com/83911/assets/mobirise/css/mbr-additional2cd8.css]
[r.mobirisesite.com/83911/assets/images/img-201910092cd8.jpg]
[r.mobirisesite.com/83911/assets/images/marketing-funnel-copy2cd8.jpg]
[r.mobirisesite.com/83911/assets/images/clustering-algorithms-in-machine-learning2cd8.jpg]
[r.mobirisesite.com/83911/assets/images/0-rgsfrsmjiqeg5jof2cd8.png]
[r.mobirisesite.com/83911/assets/images/1-uc0sy0benl-dlpy3jmxnag2cd8.jpg]
[r.mobirisesite.com/83911/assets/web/assets/jquery/jquery.min.js]
[r.mobirisesite.com/83911/assets/popper/popper.min.js]
[r.mobirisesite.com/83911/assets/tether/tether.min.js]
[r.mobirisesite.com/83911/assets/bootstrap/js/bootstrap.min.js]
[r.mobirisesite.com/83911/assets/smoothscroll/smooth-scroll.js]
[r.mobirisesite.com/83911/assets/viewportchecker/jquery.viewportchecker.js]
[r.mobirisesite.com/83911/assets/dropdown/js/nav-dropdown.js]
[r.mobirisesite.com/83911/assets/dropdown/js/navbar-dropdown.js]
[r.mobirisesite.com/83911/assets/touchswipe/jquery.touch-swipe.min.js]
[r.mobirisesite.com/83911/assets/as-pie-progress/jquery-as-pie-progress.min.js]
[gpshiva.mobirisesite.com/home.html]
[r.mobirisesite.com/83911/assets/theme/js/script.js]
[r.mobirisesite.com/83911/assets/web/assets/mobirise-icons2/mobirise21e04.eot]
[r.mobirisesite.com/83911/assets/web/assets/mobirise-icons2/mobirise21e04.ttf]
[r.mobirisesite.com/83911/assets/web/assets/mobirise-icons2/mobirise21e04.woff]
[r.mobirisesite.com/83911/assets/web/assets/mobirise-icons2/mobirise2.css]
[r.mobirisesite.com/83911/assets/tether/tether.min.css]
[r.mobirisesite.com/83911/assets/bootstrap/css/bootstrap.min.css]
[r.mobirisesite.com/83911/assets/bootstrap/css/bootstrap-grid.min.css]
[r.mobirisesite.com/83911/assets/bootstrap/css/bootstrap-reboot.min.css]
[r.mobirisesite.com/83911/assets/animatecss/animate.css]
[r.mobirisesite.com/83911/assets/dropdown/css/style.css]
[r.mobirisesite.com/83911/assets/as-pie-progress/css/progress.min.css]
[r.mobirisesite.com/83911/assets/socicon/css/styles.css]
[r.mobirisesite.com/83911/assets/theme/css/style.css]
[r.mobirisesite.com/83911/assets/web/assets/mobirise-icons2/mobirise21e04.svg]
[r.mobirisesite.com/83911/assets/images/background122cd8.jpg]
[r.mobirisesite.com/83911/assets/images/background92cd8.jpg]
[r.mobirisesite.com/83911/assets/images/franki-chamaki-1k6iqsqbizi-unsplash2cd8.jpg]
[r.mobirisesite.com/83911/assets/images/mbr2cd8.jpg]
[r.mobirisesite.com/83911/assets/images/background102cd8.jpg]
[r.mobirisesite.com/83911/assets/mobirise/css/mbr-additional2cd8.css]
[r.mobirisesite.com/83911/assets/images/download-12cd8.png]
[gpshiva.mobirisesite.com/portfolio.html]
[gpshiva.mobirisesite.com/certifications.html]
[gpshiva.mobirisesite.com/aboutme.html]
[r.mobirisesite.com/83911/assets/web/assets/mobirise-icons2/mobirise21e04.svg]
